###############################################################################
#
# IAR ELF Linker V9.10.2.313/W64 for ARM                  05/Dec/2021  02:45:51
# Copyright 2007-2021 IAR Systems AB.
#
#    Output file  =
#        C:\Users\Gabriel Calper\OneDrive\UTFPR\9
#        semestre\Sistemas-Embarcados-CSW41\calperxd_CSW41\Lab2\Debug\Exe\Lab2.out
#    Map file     =
#        C:\Users\Gabriel Calper\OneDrive\UTFPR\9
#        semestre\Sistemas-Embarcados-CSW41\calperxd_CSW41\Lab2\Debug\List\Lab2.map
#    Command line =
#        -f "C:\Users\Gabriel Calper\OneDrive\UTFPR\9
#        semestre\Sistemas-Embarcados-CSW41\calperxd_CSW41\Lab2\Debug\Exe\Lab2.out.rsp"
#        ("C:\Users\Gabriel Calper\OneDrive\UTFPR\9
#        semestre\Sistemas-Embarcados-CSW41\calperxd_CSW41\Lab2\Debug\Obj\blinky.o"
#        "C:\Users\Gabriel Calper\OneDrive\UTFPR\9
#        semestre\Sistemas-Embarcados-CSW41\calperxd_CSW41\Lab2\Debug\Obj\main.o"
#        "C:\Users\Gabriel Calper\OneDrive\UTFPR\9
#        semestre\Sistemas-Embarcados-CSW41\calperxd_CSW41\Lab2\Debug\Obj\startup_ewarm.o"
#        "C:\Users\Gabriel Calper\OneDrive\UTFPR\9
#        semestre\Sistemas-Embarcados-CSW41\calperxd_CSW41\Lab2\Debug\Obj\system_TM4C1294.o"
#        --redirect _Printf=_PrintfFullNoMb --redirect _Scanf=_ScanfFullNoMb
#        --no_out_extension -o "C:\Users\Gabriel Calper\OneDrive\UTFPR\9
#        semestre\Sistemas-Embarcados-CSW41\calperxd_CSW41\Lab2\Debug\Exe\Lab2.out"
#        --map "C:\Users\Gabriel Calper\OneDrive\UTFPR\9
#        semestre\Sistemas-Embarcados-CSW41\calperxd_CSW41\Lab2\Debug\List\Lab2.map"
#        --config "C:\Program Files\IAR Systems\Embedded Workbench
#        9.0\arm\config\linker\TexasInstruments\TM4C129ENC.icf" --semihosting
#        "C:\Users\Gabriel Calper\OneDrive\UTFPR\9
#        semestre\Sistemas-Embarcados-CSW41\calperxd_CSW41\Lab2\..\..\TivaWare_C_Series-2.2.0.295\driverlib\ewarm\Exe\driverlib.a"
#        --entry __iar_program_start --vfe --text_out locale)
#
###############################################################################

*******************************************************************************
*** RUNTIME MODEL ATTRIBUTES
***

CppFlavor       = *
__SystemLibrary = DLib
__dlib_version  = 6


*******************************************************************************
*** HEAP SELECTION
***

The basic heap was selected because some modules are built with
size limitations (and not runtime checking), and --advanced_heap
was not specified.


*******************************************************************************
*** PLACEMENT SUMMARY
***

"A0":  place at address 0x0 { ro section .intvec };
"P1":  place in [from 0x0 to 0xf'ffff] { ro };
define block CSTACK with size = 32K, alignment = 8 { };
define block HEAP with size = 64K, alignment = 8 { };
"P2":  place in [from 0x2000'0000 to 0x2003'ffff] {
          rw, block CSTACK, block HEAP };
do not initialize { rw section .noinit };
initialize by copy { rw };

  Section            Kind         Address    Size  Object
  -------            ----         -------    ----  ------
"A0":                                       0x200
  .intvec            const            0x0   0x200  startup_ewarm.o [1]
                                  - 0x200   0x200

"P1":                                      0x2a40
  .text              ro code        0x200   0xf12  xprintffull_nomb.o [2]
  .text              ro code       0x1112    0x3a  packbits_init_single.o [5]
  .text              ro code       0x114c    0x16  strchr.o [5]
  .text              ro code       0x1164    0x40  xfail_s.o [2]
  .text              ro code       0x11a4    0x36  strlen.o [5]
  .text              ro code       0x11dc    0x58  memchr.o [5]
  .text              ro code       0x1234    0x76  ABImemcpy_unaligned.o [5]
  .text              ro code       0x12ac    0x70  frexp.o [4]
  .text              ro code       0x131c    0x34  DblCmpLe.o [4]
  .text              ro code       0x1350    0x34  DblCmpGe.o [4]
  .text              ro code       0x1384   0x13a  ldexp.o [4]
  .text              ro code       0x14c0    0x36  DblToS32.o [4]
  .text              ro code       0x14f8    0x22  S32ToDbl.o [4]
  .text              ro code       0x151c   0x24e  DblAddSub.o [4]
  .text              ro code       0x176c   0x246  DblDiv.o [4]
  .text              ro code       0x19b4    0x22  DblToU32.o [4]
  .text              ro code       0x19d8    0x1c  U32ToDbl.o [4]
  .text              ro code       0x19f4   0x1aa  DblMul.o [4]
  .text              ro code       0x1ba0   0x230  I64DivMod.o [5]
  .text              ro code       0x1dd0     0x6  abort.o [2]
  .text              ro code       0x1dd8     0x2  I64DivZer.o [5]
  .text              ro code       0x1ddc    0x14  exit.o [6]
  .text              ro code       0x1df0    0x7c  iarttio.o [6]
  .text              ro code       0x1e6c     0x8  XShttio.o [2]
  .text              ro code       0x1e74   0x2bc  gpio.o [3]
  .text              ro code       0x2130    0xa0  interrupt.o [3]
  .text              ro code       0x21d0   0x2a0  sysctl.o [3]
  .text              ro code       0x2470   0x1c0  main.o [1]
  .text              ro code       0x2630    0x28  printf.o [2]
  .text              ro code       0x2658    0x4c  systick.o [3]
  .rodata            const         0x26a4   0x1b0  sysctl.o [3]
  .rodata            const         0x2854   0x198  gpio.o [3]
  .rodata            const         0x29ec    0x6c  sysctl.o [3]
  .rodata            const         0x2a58    0x30  sysctl.o [3]
  .text              ro code       0x2a88    0x28  data_init.o [5]
  .text              ro code       0x2ab0    0x22  fpinit_M.o [4]
  .text              ro code       0x2ad2    0x22  iarwrite.o [6]
  .iar.init_table    const         0x2af4    0x10  - Linker created -
  .text              ro code       0x2b04    0x20  putchar.o [2]
  .text              ro code       0x2b24    0x10  write.o [6]
  .text              ro code       0x2b34    0x1e  dwrite.o [6]
  .text              ro code       0x2b52    0x20  iarwstd.o [6]
  .text              ro code       0x2b74    0x1e  startup_ewarm.o [1]
  .text              ro code       0x2b94    0x1c  cstartup_M.o [5]
  .text              ro code       0x2bb0    0x1e  cmain.o [5]
  .text              ro code       0x2bce     0x4  low_level_init.o [2]
  .text              ro code       0x2bd2     0x4  exit.o [2]
  .text              ro code       0x2bd8     0xa  cexit.o [5]
  .text              ro code       0x2be2    0x16  xprout.o [2]
  .rodata            const         0x2bf8    0x14  main.o [1]
  .rodata            const         0x2c0c    0x10  main.o [1]
  .rodata            const         0x2c1c    0x10  main.o [1]
  .rodata            const         0x2c2c     0xc  main.o [1]
  .rodata            const         0x2c38     0x0  packbits_init_single.o [5]
  Initializer bytes  const         0x2c38     0x8  <for P2-1>
                                 - 0x2c40  0x2a40

"P2", part 1 of 2:                           0x1c
  P2-1                        0x2000'0000    0x1c  <Init block>
    .data            inited   0x2000'0000     0x4  main.o [1]
    .data            inited   0x2000'0004     0x8  XShttio.o [2]
    .bss             inited   0x2000'000c     0x4  main.o [1]
    .bss             inited   0x2000'0010     0x4  main.o [1]
    .bss             inited   0x2000'0014     0x4  main.o [1]
    .bss             inited   0x2000'0018     0x4  xfail_s.o [2]
                            - 0x2000'001c    0x1c

"P2", part 2 of 2:                          0x46c
  VTABLE             uninit   0x2000'0400   0x26c  interrupt.o [3]
  .noinit            uninit   0x2000'066c   0x200  startup_ewarm.o [1]
                            - 0x2000'086c   0x46c

Unused ranges:

         From           To      Size
         ----           --      ----
       0x2c40     0xf'ffff  0xf'd3c0
  0x2000'001c  0x2000'03ff     0x3e4
  0x2000'086c  0x2003'ffff  0x3'f794


*******************************************************************************
*** INIT TABLE
***

          Address      Size
          -------      ----
Copy/packbits (__iar_packbits_init_single3)
    1 source range, total size 0x8 (28% of destination):
               0x2c38   0x8
    1 destination range, total size 0x1c:
          0x2000'0000  0x1c



*******************************************************************************
*** MODULE SUMMARY
***

    Module                  ro code  ro data  rw data
    ------                  -------  -------  -------
command line/config:
    -------------------------------------------------
    Total:

C:\Users\Gabriel Calper\OneDrive\UTFPR\9 semestre\Sistemas-Embarcados-CSW41\calperxd_CSW41\Lab2\Debug\Obj: [1]
    main.o                      448       68       16
    startup_ewarm.o              30      512      512
    -------------------------------------------------
    Total:                      478      580      528

dl7M_tln.a: [2]
    XShttio.o                     8        2        8
    abort.o                       6
    exit.o                        4
    low_level_init.o              4
    printf.o                     40
    putchar.o                    32
    xfail_s.o                    64        2        4
    xprintffull_nomb.o        3'858
    xprout.o                     22
    -------------------------------------------------
    Total:                    4'038        4       12

driverlib.a: [3]
    gpio.o                      700      408
    interrupt.o                 160               620
    sysctl.o                    672      588
    systick.o                    76
    -------------------------------------------------
    Total:                    1'608      996      620

m7M_tls.a: [4]
    DblAddSub.o                 590
    DblCmpGe.o                   52
    DblCmpLe.o                   52
    DblDiv.o                    582
    DblMul.o                    426
    DblToS32.o                   54
    DblToU32.o                   34
    S32ToDbl.o                   34
    U32ToDbl.o                   28
    fpinit_M.o                   34
    frexp.o                     112
    ldexp.o                     314
    -------------------------------------------------
    Total:                    2'312

rt7M_tl.a: [5]
    ABImemcpy_unaligned.o       118
    I64DivMod.o                 560
    I64DivZer.o                   2
    cexit.o                      10
    cmain.o                      30
    cstartup_M.o                 28
    data_init.o                  40
    memchr.o                     88
    packbits_init_single.o       58
    strchr.o                     22
    strlen.o                     54
    -------------------------------------------------
    Total:                    1'010

shb_l.a: [6]
    dwrite.o                     30
    exit.o                       20
    iarttio.o                   124
    iarwrite.o                   34
    iarwstd.o                    32
    write.o                      16
    -------------------------------------------------
    Total:                      256

    Gaps                         30
    Linker created                        16
-----------------------------------------------------
    Grand Total:              9'732    1'596    1'160


*******************************************************************************
*** ENTRY LIST
***

Entry                       Address   Size  Type      Object
-----                       -------   ----  ----      ------
.iar.init_table$$Base        0x2af4          --   Gb  - Linker created -
.iar.init_table$$Limit       0x2b04          --   Gb  - Linker created -
?main                        0x2bb1         Code  Gb  cmain.o [5]
FaultISR                     0x2b8f    0x2  Code  Lc  startup_ewarm.o [1]
GPIODirModeSet               0x1eb3   0x28  Code  Gb  gpio.o [3]
GPIOIntDisable               0x20a3    0x6  Code  Gb  gpio.o [3]
GPIOIntEnable                0x209d    0x6  Code  Gb  gpio.o [3]
GPIOIntRegister              0x20a9   0x14  Code  Gb  gpio.o [3]
GPIOIntTypeSet               0x1edb   0x4c  Code  Gb  gpio.o [3]
GPIOPadConfigSet             0x1f27  0x176  Code  Gb  gpio.o [3]
GPIOPinTypeGPIOInput         0x20d1   0x14  Code  Gb  gpio.o [3]
GPIOPinTypeGPIOOutput        0x20e5    0xa  Code  Gb  gpio.o [3]
GPIOPinWrite                 0x20c5    0x8  Code  Gb  gpio.o [3]
GpioPortJIntHandler          0x2493    0x8  Code  Gb  main.o [1]
IntDefaultHandler            0x2b91    0x2  Code  Lc  startup_ewarm.o [1]
IntEnable                    0x2159   0x52  Code  Gb  interrupt.o [3]
IntRegister                  0x2131   0x28  Code  Gb  interrupt.o [3]
NmiSR                        0x2b8d    0x2  Code  Lc  startup_ewarm.o [1]
Region$$Table$$Base          0x2af4          --   Gb  - Linker created -
Region$$Table$$Limit         0x2b04          --   Gb  - Linker created -
ResetISR                     0x2b75   0x14  Code  Gb  startup_ewarm.o [1]
SetupFreq                    0x249b    0xe  Code  Gb  main.o [1]
SetupGPIO                    0x24c7   0x90  Code  Gb  main.o [1]
SetupSystick                 0x24a9   0x1e  Code  Gb  main.o [1]
SysCtlClockFreqSet           0x2233  0x1fc  Code  Gb  sysctl.o [3]
SysCtlPeripheralEnable       0x2215    0x8  Code  Gb  sysctl.o [3]
SysCtlPeripheralReady        0x21f3    0x8  Code  Gb  sysctl.o [3]
SysTickDisable               0x2665    0xc  Code  Gb  systick.o [3]
SysTickEnable                0x2659    0xc  Code  Gb  systick.o [3]
SysTickIntEnable             0x2687    0xc  Code  Gb  systick.o [3]
SysTickIntHandler            0x2471   0x22  Code  Gb  main.o [1]
SysTickIntRegister           0x2671   0x16  Code  Gb  systick.o [3]
SysTickPeriodSet             0x2693    0x8  Code  Gb  systick.o [3]
_GPIOIntNumberGet            0x1e75   0x3e  Code  Lc  gpio.o [3]
_LitobFullNoMb                0xf19  0x10c  Code  Lc  xprintffull_nomb.o [2]
_PrintfFullNoMb               0x201  0xcea  Code  Gb  xprintffull_nomb.o [2]
_Prout                       0x2be3   0x16  Code  Gb  xprout.o [2]
_PutcharFullNoMb             0x107d   0x20  Code  Lc  xprintffull_nomb.o [2]
_PutcharsFullNoMb            0x109d   0x2e  Code  Lc  xprintffull_nomb.o [2]
_SysCtlMemTimingGet          0x21d1   0x22  Code  Lc  sysctl.o [3]
__aeabi_cdcmple              0x131d         Code  Gb  DblCmpLe.o [4]
__aeabi_cdrcmple             0x1351         Code  Gb  DblCmpGe.o [4]
__aeabi_d2iz                 0x14c1         Code  Gb  DblToS32.o [4]
__aeabi_d2uiz                0x19b5         Code  Gb  DblToU32.o [4]
__aeabi_ddiv                 0x176d         Code  Gb  DblDiv.o [4]
__aeabi_dmul                 0x19f5         Code  Gb  DblMul.o [4]
__aeabi_dsub                 0x1689         Code  Gb  DblAddSub.o [4]
__aeabi_i2d                  0x14f9         Code  Gb  S32ToDbl.o [4]
__aeabi_ldiv0                0x1dd9         Code  Gb  I64DivZer.o [5]
__aeabi_ui2d                 0x19d9         Code  Gb  U32ToDbl.o [4]
__aeabi_uldivmod             0x1ba1         Code  Gb  I64DivMod.o [5]
__cmain                      0x2bb1         Code  Gb  cmain.o [5]
__dwrite                     0x2b35   0x1e  Code  Gb  dwrite.o [6]
__exit                       0x1ddd   0x14  Code  Gb  exit.o [6]
__iar_Fail_s                 0x1165   0x1c  Code  Gb  xfail_s.o [2]
__iar_Memchr                 0x11dd         Code  Gb  memchr.o [5]
__iar_Strchr                 0x114d         Code  Gb  strchr.o [5]
__iar_close_ttio             0x1df1   0x2c  Code  Gb  iarttio.o [6]
__iar_data_init3             0x2a89   0x28  Code  Gb  data_init.o [5]
__iar_frexp                  0x12b9         Code  Gb  frexp.o [4]
__iar_frexpl                 0x12b9         Code  Gb  frexp.o [4]
__iar_get_ttio               0x1e1d   0x4c  Code  Gb  iarttio.o [6]
__iar_init_vfp               0x2ab1         Code  Gb  fpinit_M.o [4]
__iar_ldexp64                0x1385         Code  Gb  ldexp.o [4]
__iar_lookup_ttioh           0x1e6d    0x8  Code  Gb  XShttio.o [2]
__iar_packbits_init_single3
                             0x1113   0x3a  Code  Gb  packbits_init_single.o [5]
__iar_program_start          0x2b95         Code  Gb  cstartup_M.o [5]
__iar_scalbln64              0x1385         Code  Gb  ldexp.o [4]
__iar_scalbn64               0x1385         Code  Gb  ldexp.o [4]
__iar_sh_stdout              0x2b53   0x20  Code  Gb  iarwstd.o [6]
__iar_sh_write               0x2ad3   0x22  Code  Gb  iarwrite.o [6]
__iar_softfp___iar_frexp64
                             0x12ad         Code  Gb  frexp.o [4]
__iar_softfp_frexp           0x12ad         Code  Gb  frexp.o [4]
__iar_softfp_frexpl          0x12ad         Code  Gb  frexp.o [4]
__iar_ttio_handles      0x2000'0004    0x8  Data  Lc  XShttio.o [2]
__iar_unaligned_memcpy       0x1235         Code  Gb  ABImemcpy_unaligned.o [5]
__iar_unaligned_memcpy4
                             0x1255         Code  Gb  ABImemcpy_unaligned.o [5]
__iar_unaligned_memcpy8
                             0x1255         Code  Gb  ABImemcpy_unaligned.o [5]
__low_level_init             0x2bcf    0x4  Code  Gb  low_level_init.o [2]
__vector_table                  0x0  0x200  Data  Gb  startup_ewarm.o [1]
__write                      0x2b25   0x10  Code  Gb  write.o [6]
_call_main                   0x2bbd         Code  Gb  cmain.o [5]
_exit                        0x2bd9         Code  Gb  cexit.o [5]
abort                        0x1dd1    0x6  Code  Gb  abort.o [2]
exit                         0x2bd3    0x4  Code  Gb  exit.o [2]
flag                    0x2000'000c    0x4  Data  Gb  main.o [1]
flag2                   0x2000'0010    0x4  Data  Gb  main.o [1]
flag3                   0x2000'0000    0x4  Data  Gb  main.o [1]
g_pfnRAMVectors         0x2000'0400  0x26c  Data  Lc  interrupt.o [3]
g_pppui32XTALtoVCO           0x26a4  0x1b0  Data  Lc  sysctl.o [3]
g_ppui32GPIOIntMapBlizzard
                             0x2854   0xc0  Data  Lc  gpio.o [3]
g_ppui32GPIOIntMapSnowflake
                             0x2914   0xd8  Data  Lc  gpio.o [3]
g_pui32EnRegs                0x21bc   0x14  Data  Lc  interrupt.o [3]
g_pui32VCOFrequencies        0x2468    0x8  Data  Lc  sysctl.o [3]
g_pui32Xtals                 0x29ec   0x6c  Data  Lc  sysctl.o [3]
g_sXTALtoMEMTIM              0x2a58   0x30  Data  Lc  sysctl.o [3]
ldexp                        0x1385         Code  Gb  ldexp.o [4]
ldexpl                       0x1385         Code  Gb  ldexp.o [4]
main                         0x2557   0x8a  Code  Gb  main.o [1]
memchr                       0x11dd         Code  Gb  memchr.o [5]
ms                      0x2000'0014    0x4  Data  Gb  main.o [1]
printf                       0x2631   0x28  Code  Gb  printf.o [2]
pui32Stack              0x2000'066c  0x200  Data  Lc  startup_ewarm.o [1]
putchar                      0x2b05   0x20  Code  Gb  putchar.o [2]
scalbln                      0x1385         Code  Gb  ldexp.o [4]
scalblnl                     0x1385         Code  Gb  ldexp.o [4]
scalbn                       0x1385         Code  Gb  ldexp.o [4]
scalbnl                      0x1385         Code  Gb  ldexp.o [4]
scale                        0x1025   0x46  Code  Lc  xprintffull_nomb.o [2]
sec_hand                0x2000'0018    0x4  Data  Lc  xfail_s.o [2]
strchr                       0x114d         Code  Gb  strchr.o [5]
strlen                       0x11a5         Code  Gb  strlen.o [5]


[1] = C:\Users\Gabriel Calper\OneDrive\UTFPR\9 semestre\Sistemas-Embarcados-CSW41\calperxd_CSW41\Lab2\Debug\Obj
[2] = dl7M_tln.a
[3] = driverlib.a
[4] = m7M_tls.a
[5] = rt7M_tl.a
[6] = shb_l.a

  9'732 bytes of readonly  code memory
  1'596 bytes of readonly  data memory
  1'160 bytes of readwrite data memory

Errors: none
Warnings: none
