###############################################################################
#
# IAR ELF Linker V9.10.2.313/W64 for ARM                  27/Oct/2021  18:37:22
# Copyright 2007-2021 IAR Systems AB.
#
#    Output file  =
#        C:\Users\Gabriel Calper\OneDrive\UTFPR\9
#        semestre\Sistemas-Embarcados-CSW41\calperxd_CSW41\Lab2\Debug\Exe\Lab2.out
#    Map file     =
#        C:\Users\Gabriel Calper\OneDrive\UTFPR\9
#        semestre\Sistemas-Embarcados-CSW41\calperxd_CSW41\Lab2\Debug\List\Lab2.map
#    Command line =
#        -f "C:\Users\Gabriel Calper\OneDrive\UTFPR\9
#        semestre\Sistemas-Embarcados-CSW41\calperxd_CSW41\Lab2\Debug\Exe\Lab2.out.rsp"
#        ("C:\Users\Gabriel Calper\OneDrive\UTFPR\9
#        semestre\Sistemas-Embarcados-CSW41\calperxd_CSW41\Lab2\Debug\Obj\blinky.o"
#        "C:\Users\Gabriel Calper\OneDrive\UTFPR\9
#        semestre\Sistemas-Embarcados-CSW41\calperxd_CSW41\Lab2\Debug\Obj\main.o"
#        "C:\Users\Gabriel Calper\OneDrive\UTFPR\9
#        semestre\Sistemas-Embarcados-CSW41\calperxd_CSW41\Lab2\Debug\Obj\startup_ewarm.o"
#        "C:\Users\Gabriel Calper\OneDrive\UTFPR\9
#        semestre\Sistemas-Embarcados-CSW41\calperxd_CSW41\Lab2\Debug\Obj\system_TM4C1294.o"
#        --redirect _Printf=_PrintfFullNoMb --redirect _Scanf=_ScanfFullNoMb
#        --no_out_extension -o "C:\Users\Gabriel Calper\OneDrive\UTFPR\9
#        semestre\Sistemas-Embarcados-CSW41\calperxd_CSW41\Lab2\Debug\Exe\Lab2.out"
#        --map "C:\Users\Gabriel Calper\OneDrive\UTFPR\9
#        semestre\Sistemas-Embarcados-CSW41\calperxd_CSW41\Lab2\Debug\List\Lab2.map"
#        --config "C:\Program Files\IAR Systems\Embedded Workbench
#        9.0\arm\config\linker\TexasInstruments\TM4C129ENC.icf" --semihosting
#        "C:\Users\Gabriel Calper\OneDrive\UTFPR\9
#        semestre\Sistemas-Embarcados-CSW41\calperxd_CSW41\Lab2\..\..\TivaWare\driverlib\ewarm\Exe\driverlib.a"
#        --entry __iar_program_start --vfe --text_out locale)
#
###############################################################################

*******************************************************************************
*** MESSAGES
***

Warning[Lt009]: Inconsistent wchar_t size
            gpio.o(driverlib.a) and 4 other objects in driverlib.a have wchar_t
                      size 16 bits
            blinky.o and 27 other objects, some of them in dl7M_tln.a and 16
                      other libraries have wchar_t size 32 bits


*******************************************************************************
*** RUNTIME MODEL ATTRIBUTES
***

CppFlavor       = *
__SystemLibrary = DLib
__dlib_version  = 6


*******************************************************************************
*** HEAP SELECTION
***

The basic heap was selected because some modules are built with
size limitations (and not runtime checking), and --advanced_heap
was not specified.


*******************************************************************************
*** PLACEMENT SUMMARY
***

"A0":  place at address 0x0 { ro section .intvec };
"P1":  place in [from 0x0 to 0xf'ffff] { ro };
define block CSTACK with size = 32K, alignment = 8 { };
define block HEAP with size = 64K, alignment = 8 { };
"P2":  place in [from 0x2000'0000 to 0x2003'ffff] {
          rw, block CSTACK, block HEAP };
do not initialize { rw section .noinit };
initialize by copy { rw };

  Section            Kind         Address    Size  Object
  -------            ----         -------    ----  ------
"A0":                                       0x200
  .intvec            const            0x0   0x200  startup_ewarm.o [1]
                                  - 0x200   0x200

"P1":                                      0x2a6c
  .text              ro code        0x200   0xf12  xprintffull_nomb.o [2]
  .text              ro code       0x1112    0x2a  copy_init3.o [5]
  .text              ro code       0x113c    0x16  strchr.o [5]
  .text              ro code       0x1154    0x40  xfail_s.o [2]
  .text              ro code       0x1194    0x36  strlen.o [5]
  .text              ro code       0x11cc    0x58  memchr.o [5]
  .text              ro code       0x1224    0x76  ABImemcpy_unaligned.o [5]
  .text              ro code       0x129c    0x70  frexp.o [4]
  .text              ro code       0x130c    0x34  DblCmpLe.o [4]
  .text              ro code       0x1340    0x34  DblCmpGe.o [4]
  .text              ro code       0x1374   0x13a  ldexp.o [4]
  .text              ro code       0x14b0    0x36  DblToS32.o [4]
  .text              ro code       0x14e8    0x22  S32ToDbl.o [4]
  .text              ro code       0x150c   0x24e  DblAddSub.o [4]
  .text              ro code       0x175c   0x246  DblDiv.o [4]
  .text              ro code       0x19a4    0x22  DblToU32.o [4]
  .text              ro code       0x19c8    0x1c  U32ToDbl.o [4]
  .text              ro code       0x19e4   0x1aa  DblMul.o [4]
  .text              ro code       0x1b90   0x230  I64DivMod.o [5]
  .text              ro code       0x1dc0     0x6  abort.o [2]
  .text              ro code       0x1dc8     0x2  I64DivZer.o [5]
  .text              ro code       0x1dcc    0x14  exit.o [6]
  .text              ro code       0x1de0    0x7c  iarttio.o [6]
  .text              ro code       0x1e5c     0x8  XShttio.o [2]
  .text              ro code       0x1e64   0x4e0  sysctl.o [3]
  .text              ro code       0x2344   0x44c  gpio.o [3]
  .text              ro code       0x2790    0xa0  interrupt.o [3]
  .text              ro code       0x2830   0x1c0  main.o [1]
  .text              ro code       0x29f0    0x28  printf.o [2]
  .text              ro code       0x2a18    0x4c  systick.o [3]
  .text              ro code       0x2a64    0x38  zero_init3.o [5]
  .text              ro code       0x2a9c    0x28  data_init.o [5]
  .text              ro code       0x2ac4    0x22  fpinit_M.o [4]
  .text              ro code       0x2ae6    0x22  iarwrite.o [6]
  .iar.init_table    const         0x2b08    0x24  - Linker created -
  .text              ro code       0x2b2c    0x20  putchar.o [2]
  .text              ro code       0x2b4c    0x10  write.o [6]
  .text              ro code       0x2b5c    0x1e  dwrite.o [6]
  .text              ro code       0x2b7a    0x20  iarwstd.o [6]
  .text              ro code       0x2b9c    0x1e  startup_ewarm.o [1]
  .text              ro code       0x2bbc    0x1c  cstartup_M.o [5]
  .text              ro code       0x2bd8    0x1e  cmain.o [5]
  .text              ro code       0x2bf6     0x4  low_level_init.o [2]
  .text              ro code       0x2bfa     0x4  exit.o [2]
  .text              ro code       0x2c00     0xa  cexit.o [5]
  .text              ro code       0x2c0a    0x16  xprout.o [2]
  .rodata            const         0x2c20    0x14  main.o [1]
  .rodata            const         0x2c34    0x10  main.o [1]
  .rodata            const         0x2c44    0x10  main.o [1]
  .rodata            const         0x2c54     0xc  main.o [1]
  Initializer bytes  const         0x2c60     0xc  <for P2-1>
  .rodata            const         0x2c6c     0x0  zero_init3.o [5]
  .rodata            const         0x2c6c     0x0  copy_init3.o [5]
                                 - 0x2c6c  0x2a6c

"P2", part 1 of 3:                            0xc
  P2-1                        0x2000'0000     0xc  <Init block>
    .data            inited   0x2000'0000     0x4  main.o [1]
    .data            inited   0x2000'0004     0x8  XShttio.o [2]
                            - 0x2000'000c     0xc

"P2", part 2 of 3:                          0x670
  VTABLE             zero     0x2000'0400   0x26c  interrupt.o [3]
  .bss               zero     0x2000'066c     0x4  main.o [1]
  .bss               zero     0x2000'0670     0x4  main.o [1]
  .bss               zero     0x2000'0674     0x4  main.o [1]
  .bss               zero     0x2000'0678     0x4  xfail_s.o [2]
                            - 0x2000'067c   0x670

"P2", part 3 of 3:                          0x200
  .noinit            uninit   0x2000'067c   0x200  startup_ewarm.o [1]
                            - 0x2000'087c   0x200

Unused ranges:

         From           To      Size
         ----           --      ----
       0x2c6c     0xf'ffff  0xf'd394
  0x2000'087c  0x2003'ffff  0x3'f784


*******************************************************************************
*** INIT TABLE
***

          Address      Size
          -------      ----
Zero (__iar_zero_init3)
    1 destination range, total size 0x27c:
          0x2000'0400  0x27c

Copy (__iar_copy_init3)
    1 source range, total size 0xc:
               0x2c60    0xc
    1 destination range, total size 0xc:
          0x2000'0000    0xc



*******************************************************************************
*** MODULE SUMMARY
***

    Module                 ro code  ro data  rw data
    ------                 -------  -------  -------
command line/config:
    ------------------------------------------------
    Total:

C:\Users\Gabriel Calper\OneDrive\UTFPR\9 semestre\Sistemas-Embarcados-CSW41\calperxd_CSW41\Lab2\Debug\Obj: [1]
    main.o                     448       68       16
    startup_ewarm.o             30      512      512
    ------------------------------------------------
    Total:                     478      580      528

dl7M_tln.a: [2]
    XShttio.o                    8        8        8
    abort.o                      6
    exit.o                       4
    low_level_init.o             4
    printf.o                    40
    putchar.o                   32
    xfail_s.o                   64                 4
    xprintffull_nomb.o       3'858
    xprout.o                    22
    ------------------------------------------------
    Total:                   4'038        8       12

driverlib.a: [3]
    gpio.o                   1'100
    interrupt.o                160               620
    sysctl.o                 1'248
    systick.o                   76
    ------------------------------------------------
    Total:                   2'584               620

m7M_tls.a: [4]
    DblAddSub.o                590
    DblCmpGe.o                  52
    DblCmpLe.o                  52
    DblDiv.o                   582
    DblMul.o                   426
    DblToS32.o                  54
    DblToU32.o                  34
    S32ToDbl.o                  34
    U32ToDbl.o                  28
    fpinit_M.o                  34
    frexp.o                    112
    ldexp.o                    314
    ------------------------------------------------
    Total:                   2'312

rt7M_tl.a: [5]
    ABImemcpy_unaligned.o      118
    I64DivMod.o                560
    I64DivZer.o                  2
    cexit.o                     10
    cmain.o                     30
    copy_init3.o                42
    cstartup_M.o                28
    data_init.o                 40
    memchr.o                    88
    strchr.o                    22
    strlen.o                    54
    zero_init3.o                56
    ------------------------------------------------
    Total:                   1'050

shb_l.a: [6]
    dwrite.o                    30
    exit.o                      20
    iarttio.o                  124
    iarwrite.o                  34
    iarwstd.o                   32
    write.o                     16
    ------------------------------------------------
    Total:                     256

    Gaps                        30             1'012
    Linker created                       36
----------------------------------------------------
    Grand Total:            10'748      624    2'172


*******************************************************************************
*** ENTRY LIST
***

Entry                       Address   Size  Type      Object
-----                       -------   ----  ----      ------
.iar.init_table$$Base        0x2b08          --   Gb  - Linker created -
.iar.init_table$$Limit       0x2b2c          --   Gb  - Linker created -
?main                        0x2bd9         Code  Gb  cmain.o [5]
FaultISR                     0x2bb7    0x2  Code  Lc  startup_ewarm.o [1]
GPIODirModeSet               0x2385   0x28  Code  Gb  gpio.o [3]
GPIOIntDisable               0x2573    0x6  Code  Gb  gpio.o [3]
GPIOIntEnable                0x256d    0x6  Code  Gb  gpio.o [3]
GPIOIntRegister              0x2579   0x14  Code  Gb  gpio.o [3]
GPIOIntTypeSet               0x23ad   0x4c  Code  Gb  gpio.o [3]
GPIOPadConfigSet             0x23f9  0x174  Code  Gb  gpio.o [3]
GPIOPinTypeGPIOInput         0x259f   0x14  Code  Gb  gpio.o [3]
GPIOPinTypeGPIOOutput        0x25b3    0xa  Code  Gb  gpio.o [3]
GPIOPinWrite                 0x2595    0x6  Code  Gb  gpio.o [3]
GpioPortJIntHandler          0x2853    0x8  Code  Gb  main.o [1]
IntDefaultHandler            0x2bb9    0x2  Code  Lc  startup_ewarm.o [1]
IntEnable                    0x27b7   0x56  Code  Gb  interrupt.o [3]
IntRegister                  0x2791   0x26  Code  Gb  interrupt.o [3]
NmiSR                        0x2bb5    0x2  Code  Lc  startup_ewarm.o [1]
Region$$Table$$Base          0x2b08          --   Gb  - Linker created -
Region$$Table$$Limit         0x2b2c          --   Gb  - Linker created -
ResetISR                     0x2b9d   0x14  Code  Gb  startup_ewarm.o [1]
SetupFreq                    0x285b    0xe  Code  Gb  main.o [1]
SetupGPIO                    0x2887   0x90  Code  Gb  main.o [1]
SetupSystick                 0x2869   0x1e  Code  Gb  main.o [1]
SysCtlClockFreqSet           0x1ec1  0x204  Code  Gb  sysctl.o [3]
SysCtlPeripheralEnable       0x1ea5    0x8  Code  Gb  sysctl.o [3]
SysCtlPeripheralReady        0x1e85    0x8  Code  Gb  sysctl.o [3]
SysTickDisable               0x2a25    0xc  Code  Gb  systick.o [3]
SysTickEnable                0x2a19    0xc  Code  Gb  systick.o [3]
SysTickIntEnable             0x2a47    0xc  Code  Gb  systick.o [3]
SysTickIntHandler            0x2831   0x22  Code  Gb  main.o [1]
SysTickIntRegister           0x2a31   0x16  Code  Gb  systick.o [3]
SysTickPeriodSet             0x2a53    0x8  Code  Gb  systick.o [3]
_GPIOIntNumberGet            0x2345   0x40  Code  Lc  gpio.o [3]
_LitobFullNoMb                0xf19  0x10c  Code  Lc  xprintffull_nomb.o [2]
_PrintfFullNoMb               0x201  0xcea  Code  Gb  xprintffull_nomb.o [2]
_Prout                       0x2c0b   0x16  Code  Gb  xprout.o [2]
_PutcharFullNoMb             0x107d   0x20  Code  Lc  xprintffull_nomb.o [2]
_PutcharsFullNoMb            0x109d   0x2e  Code  Lc  xprintffull_nomb.o [2]
_SysCtlMemTimingGet          0x1e65   0x20  Code  Lc  sysctl.o [3]
__aeabi_cdcmple              0x130d         Code  Gb  DblCmpLe.o [4]
__aeabi_cdrcmple             0x1341         Code  Gb  DblCmpGe.o [4]
__aeabi_d2iz                 0x14b1         Code  Gb  DblToS32.o [4]
__aeabi_d2uiz                0x19a5         Code  Gb  DblToU32.o [4]
__aeabi_ddiv                 0x175d         Code  Gb  DblDiv.o [4]
__aeabi_dmul                 0x19e5         Code  Gb  DblMul.o [4]
__aeabi_dsub                 0x1679         Code  Gb  DblAddSub.o [4]
__aeabi_i2d                  0x14e9         Code  Gb  S32ToDbl.o [4]
__aeabi_ldiv0                0x1dc9         Code  Gb  I64DivZer.o [5]
__aeabi_ui2d                 0x19c9         Code  Gb  U32ToDbl.o [4]
__aeabi_uldivmod             0x1b91         Code  Gb  I64DivMod.o [5]
__cmain                      0x2bd9         Code  Gb  cmain.o [5]
__dwrite                     0x2b5d   0x1e  Code  Gb  dwrite.o [6]
__exit                       0x1dcd   0x14  Code  Gb  exit.o [6]
__iar_Fail_s                 0x1155   0x1c  Code  Gb  xfail_s.o [2]
__iar_Memchr                 0x11cd         Code  Gb  memchr.o [5]
__iar_Strchr                 0x113d         Code  Gb  strchr.o [5]
__iar_close_ttio             0x1de1   0x2c  Code  Gb  iarttio.o [6]
__iar_copy_init3             0x1113   0x2a  Code  Gb  copy_init3.o [5]
__iar_data_init3             0x2a9d   0x28  Code  Gb  data_init.o [5]
__iar_frexp                  0x12a9         Code  Gb  frexp.o [4]
__iar_frexpl                 0x12a9         Code  Gb  frexp.o [4]
__iar_get_ttio               0x1e0d   0x4c  Code  Gb  iarttio.o [6]
__iar_init_vfp               0x2ac5         Code  Gb  fpinit_M.o [4]
__iar_ldexp64                0x1375         Code  Gb  ldexp.o [4]
__iar_lookup_ttioh           0x1e5d    0x8  Code  Gb  XShttio.o [2]
__iar_program_start          0x2bbd         Code  Gb  cstartup_M.o [5]
__iar_scalbln64              0x1375         Code  Gb  ldexp.o [4]
__iar_scalbn64               0x1375         Code  Gb  ldexp.o [4]
__iar_sh_stdout              0x2b7b   0x20  Code  Gb  iarwstd.o [6]
__iar_sh_write               0x2ae7   0x22  Code  Gb  iarwrite.o [6]
__iar_softfp___iar_frexp64
                             0x129d         Code  Gb  frexp.o [4]
__iar_softfp_frexp           0x129d         Code  Gb  frexp.o [4]
__iar_softfp_frexpl          0x129d         Code  Gb  frexp.o [4]
__iar_ttio_handles      0x2000'0004    0x8  Data  Lc  XShttio.o [2]
__iar_unaligned_memcpy       0x1225         Code  Gb  ABImemcpy_unaligned.o [5]
__iar_unaligned_memcpy4
                             0x1245         Code  Gb  ABImemcpy_unaligned.o [5]
__iar_unaligned_memcpy8
                             0x1245         Code  Gb  ABImemcpy_unaligned.o [5]
__iar_zero_init3             0x2a65   0x38  Code  Gb  zero_init3.o [5]
__low_level_init             0x2bf7    0x4  Code  Gb  low_level_init.o [2]
__vector_table                  0x0  0x200  Data  Gb  startup_ewarm.o [1]
__write                      0x2b4d   0x10  Code  Gb  write.o [6]
_call_main                   0x2be5         Code  Gb  cmain.o [5]
_exit                        0x2c01         Code  Gb  cexit.o [5]
abort                        0x1dc1    0x6  Code  Gb  abort.o [2]
exit                         0x2bfb    0x4  Code  Gb  exit.o [2]
flag                    0x2000'066c    0x4  Data  Gb  main.o [1]
flag2                   0x2000'0670    0x4  Data  Gb  main.o [1]
flag3                   0x2000'0000    0x4  Data  Gb  main.o [1]
g_pfnRAMVectors         0x2000'0400  0x26c  Data  Lc  interrupt.o [3]
g_pppui32XTALtoVCO           0x215c  0x1b0  Data  Lc  sysctl.o [3]
g_ppui32GPIOIntMapBlizzard
                             0x25f8   0xc0  Data  Lc  gpio.o [3]
g_ppui32GPIOIntMapSnowflake
                             0x26b8   0xd8  Data  Lc  gpio.o [3]
g_pui32EnRegs                0x281c   0x14  Data  Lc  interrupt.o [3]
g_pui32VCOFrequencies        0x233c    0x8  Data  Lc  sysctl.o [3]
g_pui32Xtals                 0x20f0   0x6c  Data  Lc  sysctl.o [3]
g_sXTALtoMEMTIM              0x230c   0x30  Data  Lc  sysctl.o [3]
ldexp                        0x1375         Code  Gb  ldexp.o [4]
ldexpl                       0x1375         Code  Gb  ldexp.o [4]
main                         0x2917   0x8a  Code  Gb  main.o [1]
memchr                       0x11cd         Code  Gb  memchr.o [5]
ms                      0x2000'0674    0x4  Data  Gb  main.o [1]
printf                       0x29f1   0x28  Code  Gb  printf.o [2]
pui32Stack              0x2000'067c  0x200  Data  Lc  startup_ewarm.o [1]
putchar                      0x2b2d   0x20  Code  Gb  putchar.o [2]
scalbln                      0x1375         Code  Gb  ldexp.o [4]
scalblnl                     0x1375         Code  Gb  ldexp.o [4]
scalbn                       0x1375         Code  Gb  ldexp.o [4]
scalbnl                      0x1375         Code  Gb  ldexp.o [4]
scale                        0x1025   0x46  Code  Lc  xprintffull_nomb.o [2]
sec_hand                0x2000'0678    0x4  Data  Lc  xfail_s.o [2]
strchr                       0x113d         Code  Gb  strchr.o [5]
strlen                       0x1195         Code  Gb  strlen.o [5]


[1] = C:\Users\Gabriel Calper\OneDrive\UTFPR\9 semestre\Sistemas-Embarcados-CSW41\calperxd_CSW41\Lab2\Debug\Obj
[2] = dl7M_tln.a
[3] = driverlib.a
[4] = m7M_tls.a
[5] = rt7M_tl.a
[6] = shb_l.a

  10'748 bytes of readonly  code memory
     624 bytes of readonly  data memory
   2'172 bytes of readwrite data memory

Errors: none
Warnings: 1
